// Jest Snapshot v1, https://goo.gl/fbAQLP

exports[`renders correctly 1`] = `
<ForwardRef(forwardRef)
  alignItems="center"
  className="ReplyingTo-root coral coral-createReplyComment-replyTo"
>
  <ForwardRef(forwardRef)>
    reply
  </ForwardRef(forwardRef)>
   
  <Localized
    Username={<Username />}
    id="comments-replyingTo"
  >
    <span
      className="ReplyingTo-text coral coral-createReplyComment-replyToText"
    >
      Replying to &lt;Username&gt;&lt;/Username&gt;
    </span>
  </Localized>
</ForwardRef(forwardRef)>
`;
